// Jest Snapshot v1, https://goo.gl/fbAQLP

exports[`can add new items 1`] = `
Array [
  Object {
    "items": Array [
      Object {
        "image": "",
        "name": "HOON",
        "price": 20,
      },
    ],
  },
  Object {
    "items": Array [
      Object {
        "image": "",
        "name": "HOON",
        "price": 10,
      },
    ],
  },
  Object {
    "items": Array [
      Object {
        "image": "",
        "name": "Book of HOON",
        "price": 10,
      },
    ],
  },
  Object {
    "items": Array [
      Object {
        "image": "",
        "name": "Toy of HOON",
        "price": 10,
      },
    ],
  },
]
`;
